// Jest Snapshot v1, https://goo.gl/fbAQLP

exports[`MessageButton render with snapshot 1`] = `
<DocumentFragment>
  <button
    class="chat-message-button"
    id="button"
    type="submit"
  >
    Отправить
  </button>
</DocumentFragment>
`;
