// Jest Snapshot v1, https://goo.gl/fbAQLP

exports[`ChatList test Adding an empty chat 1`] = `
<DocumentFragment>
  <div
    class="chats"
  >
    <div
      class="wrp"
    >
      <ul
        class="list"
      >
        <li
          class="list__item"
        >
          <a
            class="list__links"
            href="/chats/initial"
            style="background: none;"
          >
            initial
          </a>
          <button
            class="btn"
          >
            x
          </button>
        </li>
      </ul>
      <h1
        class="title"
      >
        chatlist
      </h1>
      <form
        class="form"
      >
        <input
          class="form__input"
          type="text"
          value=""
        />
        <button
          class="form__btn"
          disabled=""
          type="submit"
        >
          Add chat
        </button>
      </form>
    </div>
  </div>
</DocumentFragment>
`;
