// Jest Snapshot v1, https://goo.gl/fbAQLP

exports[`MessageList render with snapshot 1`] = `
<DocumentFragment>
  <div
    class="chat-wrp"
  >
    <ul
      class="chat-message-list"
    >
      <span />
    </ul>
  </div>
</DocumentFragment>
`;
